[goodxfoood.webnode.cz/html/index.html]
[backblue.gif]
[fade.gif]
[index.html]
[goodxfoood.webnode.cz/ico/favicon.ico]
[www.google-analytics.com/js/analytics.js]
[goodxfoood.webnode.cz/set/wnd_header.set]
[goodxfoood.webnode.cz/xml/all.xml]
[d11bh4d8fhuq47.cloudfront.net/js/functions.js]
[d11bh4d8fhuq47.cloudfront.net/css/style.css]
[d11bh4d8fhuq47.cloudfront.net/css/print.css]
[d11bh4d8fhuq47.cloudfront.net/png/footerbuttonwebnodehover090c.png]
[d11bh4d8fhuq47.cloudfront.net/js/frontend.package.1-3-106090c.js]
[d11bh4d8fhuq47.cloudfront.net/png/search.png]
[bb7976322e.cbaul-cdnwnd.com/jpg/img_0449_layer 1.jpg]
[bb7976322e.cbaul-cdnwnd.com/jpg/vitek_layer 1.jpg]
[d11bh4d8fhuq47.cloudfront.net/gif/loading.gif]
[d11bh4d8fhuq47.cloudfront.net/gif/loading_poll.gif]
[d11bh4d8fhuq47.cloudfront.net/png/footerbuttonwebnode090c.png]
[d11bh4d8fhuq47.cloudfront.net/png/footerbutton090c.png]
[goodxfoood.webnode.cz/html/index-3.html]
[d11bh4d8fhuq47.cloudfront.net/png/footerbuttonhover090c.png]
[d11bh4d8fhuq47.cloudfront.net/png/footerbubble090c.png]
[d11bh4d8fhuq47.cloudfront.net/png/footerbubbleie6090c.png]
[d11bh4d8fhuq47.cloudfront.net/png/footerbuttonhoverie6090c.png]
[goodxfoood.webnode.cz/html/index.html]
[goodxfoood.webnode.cz/html/index-2.html]
[goodxfoood.webnode.cz/html/index-4.html]
[goodxfoood.webnode.cz/html/index-5.html]
[bb7976322e.cbaul-cdnwnd.com/jpg/foto 2.jpg]
[goodxfoood.webnode.cz/html/index-3.html]
[goodxfoood.webnode.cz/html/index-4.html]
[goodxfoood.webnode.cz/html/index-8.html]
[goodxfoood.webnode.cz/html/index-7.html]
[goodxfoood.webnode.cz/html/index-6.html]
[goodxfoood.webnode.cz/html/index-10.html]
[bb7976322e.cbaul-cdnwnd.com/jpg/logogoodfood.jpg]
[goodxfoood.webnode.cz/html/index-5.html]
[goodxfoood.webnode.cz/html/index-6.html]
[goodxfoood.webnode.cz/html/index-7.html]
[bb7976322e.cbaul-cdnwnd.com/jpg/gdfd1.jpg]
[goodxfoood.webnode.cz/html/index-11.html]
[bb7976322e.cbaul-cdnwnd.com/jpg/gdfd2.jpg]
[goodxfoood.webnode.cz/html/index-12.html]
[bb7976322e.cbaul-cdnwnd.com/jpg/gdfd3.jpg]
[goodxfoood.webnode.cz/html/index-13.html]
[bb7976322e.cbaul-cdnwnd.com/jpg/gdfd4.jpg]
[bb7976322e.cbaul-cdnwnd.com/jpg/gdfd5.jpg]
[bb7976322e.cbaul-cdnwnd.com/jpg/gdfd6.jpg]
[goodxfoood.webnode.cz/html/index-14.html]
[bb7976322e.cbaul-cdnwnd.com/jpg/gdfd7.jpg]
[bb7976322e.cbaul-cdnwnd.com/jpg/gdfd8.jpg]
[bb7976322e.cbaul-cdnwnd.com/jpg/designer joo kawasumi.jpg]
[bb7976322e.cbaul-cdnwnd.com/jpg/realná věc.jpg]
[goodxfoood.webnode.cz/html/index-8.html]
[goodxfoood.webnode.cz/html/index-9.html]
[goodxfoood.webnode.cz/html/index-10.html]
[goodxfoood.webnode.cz/html/index-16.html]
[goodxfoood.webnode.cz/html/index-15.html]
[goodxfoood.webnode.cz/html/index-17.html]
[goodxfoood.webnode.cz/html/index-18.html]
[goodxfoood.webnode.cz/html/index-19.html]
[goodxfoood.webnode.cz/html/index-20.html]
[goodxfoood.webnode.cz/html/index-21.html]
[goodxfoood.webnode.cz/html/index-22.html]
[goodxfoood.webnode.cz/xml/novinky.xml]
[goodxfoood.webnode.cz/html/index-11.html]
[goodxfoood.webnode.cz/html/index-23.html]
[goodxfoood.webnode.cz/html/index-24.html]
[goodxfoood.webnode.cz/html/gdfd17b36.html]
[bb7976322e.cbaul-cdnwnd.com/jpg/gdfd1-2.jpg]
[goodxfoood.webnode.cz/html/index-12.html]
[goodxfoood.webnode.cz/html/index-25.html]
[goodxfoood.webnode.cz/html/index-26.html]
[goodxfoood.webnode.cz/html/gdfd27b36.html]
[goodxfoood.webnode.cz/html/index-13.html]
[bb7976322e.cbaul-cdnwnd.com/jpg/gdfd2-2.jpg]
[goodxfoood.webnode.cz/html/index-27.html]
[goodxfoood.webnode.cz/html/gdfd37b36.html]
[goodxfoood.webnode.cz/html/index-14.html]
[bb7976322e.cbaul-cdnwnd.com/jpg/gdfd3-2.jpg]
[goodxfoood.webnode.cz/html/gdfd47b36.html]
[goodxfoood.webnode.cz/html/index-15.html]
[bb7976322e.cbaul-cdnwnd.com/jpg/gdfd4-2.jpg]
[goodxfoood.webnode.cz/html/gdfd57b36.html]
[goodxfoood.webnode.cz/html/index-16.html]
[bb7976322e.cbaul-cdnwnd.com/jpg/gdfd5-2.jpg]
[goodxfoood.webnode.cz/html/gdfd67b36.html]
[bb7976322e.cbaul-cdnwnd.com/jpg/gdfd6-2.jpg]
[goodxfoood.webnode.cz/html/index-17.html]
[goodxfoood.webnode.cz/html/gdfd77b36.html]
[goodxfoood.webnode.cz/html/index-18.html]
[bb7976322e.cbaul-cdnwnd.com/jpg/gdfd7-2.jpg]
[goodxfoood.webnode.cz/html/gdfd87b36.html]
[bb7976322e.cbaul-cdnwnd.com/jpg/gdfd8-2.jpg]
[goodxfoood.webnode.cz/html/index-19.html]
[goodxfoood.webnode.cz/html/designer+joo+kawasumi7b36.html]
[goodxfoood.webnode.cz/html/index-20.html]
[bb7976322e.cbaul-cdnwnd.com/jpg/designer joo kawasumi-2.jpg]
[goodxfoood.webnode.cz/html/realná+věc7b36.html]
[bb7976322e.cbaul-cdnwnd.com/jpg/realná věc-2.jpg]
[goodxfoood.webnode.cz/html/index-21.html]
[goodxfoood.webnode.cz/html/index-28.html]
[bb7976322e.cbaul-cdnwnd.com/jpg/sada2.jpg]
[bb7976322e.cbaul-cdnwnd.com/jpg/cesko_japonsko_joo_kawasumi.jpg]
[goodxfoood.webnode.cz/html/index-29.html]
[bb7976322e.cbaul-cdnwnd.com/jpg/dvoustěnný pohárek pro nevidomé2.jpg]
[bb7976322e.cbaul-cdnwnd.com/jpg/p3.jpg]
[bb7976322e.cbaul-cdnwnd.com/jpg/p2.jpg]
[bb7976322e.cbaul-cdnwnd.com/jpg/p6.jpg]
[goodxfoood.webnode.cz/html/index-30.html]
[bb7976322e.cbaul-cdnwnd.com/jpg/5.jpg]
[bb7976322e.cbaul-cdnwnd.com/jpg/1.jpg]
[bb7976322e.cbaul-cdnwnd.com/jpg/2.jpg]
[bb7976322e.cbaul-cdnwnd.com/jpg/11.jpg]
[goodxfoood.webnode.cz/html/index-22.html]
[goodxfoood.webnode.cz/html/index-31.html]
[goodxfoood.webnode.cz/html/index-32.html]
[bb7976322e.cbaul-cdnwnd.com/jpg/18.jpg]
[bb7976322e.cbaul-cdnwnd.com/jpg/capis1.jpg]
[goodxfoood.webnode.cz/html/index-33.html]
[bb7976322e.cbaul-cdnwnd.com/jpg/capis2.jpg]
[goodxfoood.webnode.cz/html/index-34.html]
[bb7976322e.cbaul-cdnwnd.com/jpg/ko(u)ření.jpg]
[bb7976322e.cbaul-cdnwnd.com/jpg/pc150008.jpg]
[bb7976322e.cbaul-cdnwnd.com/jpg/canon 001 066.jpg]
[goodxfoood.webnode.cz/html/index-35.html]
[bb7976322e.cbaul-cdnwnd.com/jpg/canon 001 067.jpg]
[bb7976322e.cbaul-cdnwnd.com/jpg/canon 001 068.jpg]
[bb7976322e.cbaul-cdnwnd.com/jpg/canon 001 069.jpg]
[bb7976322e.cbaul-cdnwnd.com/jpg/canon 001 070.jpg]
[goodxfoood.webnode.cz/html/index-23.html]
[goodxfoood.webnode.cz/html/index-36.html]
[goodxfoood.webnode.cz/html/index-37.html]
[bb7976322e.cbaul-cdnwnd.com/jpg/canon 001 072.jpg]
[bb7976322e.cbaul-cdnwnd.com/jpg/canon 001 074.jpg]
[goodxfoood.webnode.cz/html/index-38.html]
[bb7976322e.cbaul-cdnwnd.com/jpg/canon 001 073.jpg]
[goodxfoood.webnode.cz/html/index-39.html]
[bb7976322e.cbaul-cdnwnd.com/jpg/canon 001 075.jpg]
[bb7976322e.cbaul-cdnwnd.com/jpg/canon 001 076.jpg]
[bb7976322e.cbaul-cdnwnd.com/jpg/canon 001 077.jpg]
[bb7976322e.cbaul-cdnwnd.com/jpg/canon 001 078.jpg]
[bb7976322e.cbaul-cdnwnd.com/jpg/canon 001 079.jpg]
[goodxfoood.webnode.cz/html/index-40.html]
[bb7976322e.cbaul-cdnwnd.com/jpg/canon 001 080.jpg]
[bb7976322e.cbaul-cdnwnd.com/jpg/canon 001 081.jpg]
[goodxfoood.webnode.cz/html/index-24.html]
[goodxfoood.webnode.cz/html/index-41.html]
[bb7976322e.cbaul-cdnwnd.com/jpg/canon 001 082.jpg]
[bb7976322e.cbaul-cdnwnd.com/jpg/canon 001 084.jpg]
[goodxfoood.webnode.cz/html/index-42.html]
[bb7976322e.cbaul-cdnwnd.com/jpg/canon 001 085.jpg]
[bb7976322e.cbaul-cdnwnd.com/jpg/canon 001 086.jpg]
[bb7976322e.cbaul-cdnwnd.com/jpg/canon 001 090.jpg]
[goodxfoood.webnode.cz/html/index-43.html]
[bb7976322e.cbaul-cdnwnd.com/jpg/canon 001 095.jpg]
[bb7976322e.cbaul-cdnwnd.com/jpg/canon 001 098.jpg]
[bb7976322e.cbaul-cdnwnd.com/jpg/canon 001 100.jpg]
[goodxfoood.webnode.cz/html/index-44.html]
[bb7976322e.cbaul-cdnwnd.com/jpg/canon 001 101.jpg]
[bb7976322e.cbaul-cdnwnd.com/jpg/canon 001 102.jpg]
[goodxfoood.webnode.cz/html/index-25.html]
[goodxfoood.webnode.cz/html/index-45.html]
[bb7976322e.cbaul-cdnwnd.com/jpg/canon 001 133.jpg]
[goodxfoood.webnode.cz/html/index-46.html]
[bb7976322e.cbaul-cdnwnd.com/jpg/canon 001 134.jpg]
[bb7976322e.cbaul-cdnwnd.com/jpg/canon 001 135.jpg]
[bb7976322e.cbaul-cdnwnd.com/jpg/canon 001 136.jpg]
[goodxfoood.webnode.cz/html/index-47.html]
[bb7976322e.cbaul-cdnwnd.com/jpg/daska.jpg]
[bb7976322e.cbaul-cdnwnd.com/jpg/kamča.jpg]
[bb7976322e.cbaul-cdnwnd.com/jpg/vít.jpg]
[goodxfoood.webnode.cz/html/index-48.html]
[bb7976322e.cbaul-cdnwnd.com/jpg/vítek.jpg]
[goodxfoood.webnode.cz/html/index-26.html]
[goodxfoood.webnode.cz/html/index-27.html]
[goodxfoood.webnode.cz/html/index-49.html]
[goodxfoood.webnode.cz/html/index-50.html]
[bb7976322e.cbaul-cdnwnd.com/jpg/sada2-2.jpg]
[goodxfoood.webnode.cz/html/index-28.html]
[bb7976322e.cbaul-cdnwnd.com/jpg/cesko_japonsko_joo_kawasumi-2.jpg]
[goodxfoood.webnode.cz/html/index-29.html]
[goodxfoood.webnode.cz/html/index-52.html]
[goodxfoood.webnode.cz/html/index-51.html]
[goodxfoood.webnode.cz/html/index-54.html]
[goodxfoood.webnode.cz/html/index-53.html]
[bb7976322e.cbaul-cdnwnd.com/jpg/dvoustěnný pohárek pro nevidomé2-2.jpg]
[goodxfoood.webnode.cz/html/index-30.html]
[goodxfoood.webnode.cz/html/index-55.html]
[goodxfoood.webnode.cz/html/index-56.html]
[goodxfoood.webnode.cz/html/index-57.html]
[goodxfoood.webnode.cz/html/index-58.html]
[bb7976322e.cbaul-cdnwnd.com/jpg/p3-2.jpg]
[goodxfoood.webnode.cz/html/index-31.html]
[goodxfoood.webnode.cz/html/index-59.html]
[goodxfoood.webnode.cz/html/index-60.html]
[goodxfoood.webnode.cz/html/index-61.html]
[goodxfoood.webnode.cz/html/index-62.html]
[goodxfoood.webnode.cz/html/index-63.html]
[goodxfoood.webnode.cz/html/index-64.html]
[bb7976322e.cbaul-cdnwnd.com/jpg/p2-2.jpg]
[goodxfoood.webnode.cz/html/index-32.html]
[goodxfoood.webnode.cz/html/index-65.html]
[goodxfoood.webnode.cz/html/index-66.html]
[goodxfoood.webnode.cz/html/index-67.html]
[goodxfoood.webnode.cz/html/index-68.html]
[bb7976322e.cbaul-cdnwnd.com/jpg/p6-2.jpg]
[goodxfoood.webnode.cz/html/index-33.html]
[goodxfoood.webnode.cz/html/index-69.html]
[goodxfoood.webnode.cz/html/index-70.html]
[goodxfoood.webnode.cz/html/index-71.html]
[goodxfoood.webnode.cz/html/index-72.html]
[bb7976322e.cbaul-cdnwnd.com/jpg/5-2.jpg]
[goodxfoood.webnode.cz/html/index-34.html]
[goodxfoood.webnode.cz/html/index-73.html]
[goodxfoood.webnode.cz/html/index-75.html]
[goodxfoood.webnode.cz/html/index-74.html]
[goodxfoood.webnode.cz/html/index-76.html]
[bb7976322e.cbaul-cdnwnd.com/jpg/1-2.jpg]
[goodxfoood.webnode.cz/html/index-35.html]
[bb7976322e.cbaul-cdnwnd.com/jpg/2-2.jpg]
[goodxfoood.webnode.cz/html/index-36.html]
[bb7976322e.cbaul-cdnwnd.com/jpg/11-2.jpg]
[goodxfoood.webnode.cz/html/index-37.html]
[bb7976322e.cbaul-cdnwnd.com/jpg/18-2.jpg]
[goodxfoood.webnode.cz/html/index-38.html]
[bb7976322e.cbaul-cdnwnd.com/jpg/capis1-2.jpg]
[goodxfoood.webnode.cz/html/index-39.html]
[bb7976322e.cbaul-cdnwnd.com/jpg/capis2-2.jpg]
[goodxfoood.webnode.cz/html/index-40.html]
[bb7976322e.cbaul-cdnwnd.com/jpg/ko(u)ření-2.jpg]
[goodxfoood.webnode.cz/html/index-41.html]
[bb7976322e.cbaul-cdnwnd.com/jpg/pc150008-2.jpg]
[goodxfoood.webnode.cz/html/index-42.html]
[bb7976322e.cbaul-cdnwnd.com/jpg/canon 001 066-2.jpg]
[goodxfoood.webnode.cz/html/index-43.html]
[bb7976322e.cbaul-cdnwnd.com/jpg/canon 001 067-2.jpg]
[goodxfoood.webnode.cz/html/index-44.html]
[bb7976322e.cbaul-cdnwnd.com/jpg/canon 001 068-2.jpg]
[goodxfoood.webnode.cz/html/index-45.html]
[bb7976322e.cbaul-cdnwnd.com/jpg/canon 001 069-2.jpg]
[goodxfoood.webnode.cz/html/index-46.html]
[bb7976322e.cbaul-cdnwnd.com/jpg/canon 001 070-2.jpg]
[goodxfoood.webnode.cz/html/index-47.html]
[bb7976322e.cbaul-cdnwnd.com/jpg/canon 001 072-2.jpg]
[goodxfoood.webnode.cz/html/index-48.html]
[bb7976322e.cbaul-cdnwnd.com/jpg/canon 001 074-2.jpg]
[goodxfoood.webnode.cz/html/index-49.html]
[bb7976322e.cbaul-cdnwnd.com/jpg/canon 001 073-2.jpg]
[goodxfoood.webnode.cz/html/index-50.html]
[bb7976322e.cbaul-cdnwnd.com/jpg/canon 001 075-2.jpg]
[goodxfoood.webnode.cz/html/index-51.html]
[bb7976322e.cbaul-cdnwnd.com/jpg/canon 001 076-2.jpg]
[goodxfoood.webnode.cz/html/index-52.html]
[bb7976322e.cbaul-cdnwnd.com/jpg/canon 001 077-2.jpg]
[goodxfoood.webnode.cz/html/index-53.html]
[bb7976322e.cbaul-cdnwnd.com/jpg/canon 001 078-2.jpg]
[goodxfoood.webnode.cz/html/index-54.html]
[bb7976322e.cbaul-cdnwnd.com/jpg/canon 001 079-2.jpg]
[goodxfoood.webnode.cz/html/index-55.html]
[bb7976322e.cbaul-cdnwnd.com/jpg/canon 001 080-2.jpg]
[goodxfoood.webnode.cz/html/index-56.html]
[bb7976322e.cbaul-cdnwnd.com/jpg/canon 001 081-2.jpg]
[goodxfoood.webnode.cz/html/index-57.html]
[bb7976322e.cbaul-cdnwnd.com/jpg/canon 001 103.jpg]
[bb7976322e.cbaul-cdnwnd.com/jpg/canon 001 104.jpg]
[bb7976322e.cbaul-cdnwnd.com/jpg/canon 001 105.jpg]
[bb7976322e.cbaul-cdnwnd.com/jpg/canon 001 106.jpg]
[bb7976322e.cbaul-cdnwnd.com/jpg/canon 001 107.jpg]
[bb7976322e.cbaul-cdnwnd.com/jpg/canon 001 120.jpg]
[bb7976322e.cbaul-cdnwnd.com/jpg/canon 001 124.jpg]
[bb7976322e.cbaul-cdnwnd.com/jpg/canon 001 125.jpg]
[bb7976322e.cbaul-cdnwnd.com/jpg/canon 001 126.jpg]
[goodxfoood.webnode.cz/html/index-58.html]
[bb7976322e.cbaul-cdnwnd.com/jpg/canon 001 127.jpg]
[bb7976322e.cbaul-cdnwnd.com/jpg/canon 001 082-2.jpg]
[goodxfoood.webnode.cz/html/index-59.html]
[bb7976322e.cbaul-cdnwnd.com/jpg/canon 001 084-2.jpg]
[goodxfoood.webnode.cz/html/index-60.html]
[bb7976322e.cbaul-cdnwnd.com/jpg/canon 001 085-2.jpg]
[goodxfoood.webnode.cz/html/index-61.html]
[bb7976322e.cbaul-cdnwnd.com/jpg/canon 001 086-2.jpg]
[goodxfoood.webnode.cz/html/index-62.html]
[bb7976322e.cbaul-cdnwnd.com/jpg/canon 001 090-2.jpg]
[goodxfoood.webnode.cz/html/index-63.html]
[bb7976322e.cbaul-cdnwnd.com/jpg/canon 001 095-2.jpg]
[goodxfoood.webnode.cz/html/index-64.html]
[bb7976322e.cbaul-cdnwnd.com/jpg/canon 001 098-2.jpg]
[goodxfoood.webnode.cz/html/index-65.html]
[bb7976322e.cbaul-cdnwnd.com/jpg/canon 001 100-2.jpg]
[goodxfoood.webnode.cz/html/index-66.html]
[bb7976322e.cbaul-cdnwnd.com/jpg/canon 001 101-2.jpg]
[goodxfoood.webnode.cz/html/index-67.html]
[bb7976322e.cbaul-cdnwnd.com/jpg/canon 001 102-2.jpg]
[goodxfoood.webnode.cz/html/index-68.html]
[bb7976322e.cbaul-cdnwnd.com/jpg/canon 001 133-2.jpg]
[goodxfoood.webnode.cz/html/index-69.html]
[bb7976322e.cbaul-cdnwnd.com/jpg/canon 001 134-2.jpg]
[goodxfoood.webnode.cz/html/index-70.html]
[bb7976322e.cbaul-cdnwnd.com/jpg/canon 001 135-2.jpg]
[goodxfoood.webnode.cz/html/index-71.html]
[bb7976322e.cbaul-cdnwnd.com/jpg/canon 001 136-2.jpg]
[goodxfoood.webnode.cz/html/index-72.html]
[bb7976322e.cbaul-cdnwnd.com/jpg/daska-2.jpg]
[goodxfoood.webnode.cz/html/index-73.html]
[bb7976322e.cbaul-cdnwnd.com/jpg/kamča-2.jpg]
[goodxfoood.webnode.cz/html/index-74.html]
[bb7976322e.cbaul-cdnwnd.com/jpg/vít-2.jpg]
[goodxfoood.webnode.cz/html/index-75.html]
[bb7976322e.cbaul-cdnwnd.com/jpg/vítek-2.jpg]
[goodxfoood.webnode.cz/html/index-76.html]
[goodxfoood.webnode.cz/svg/favicon.svg]
[goodxfoood.webnode.cz/svg/favicon16.svg]
[goodxfoood.webnode.cz/ico/favicon.ico]
[goodxfoood.webnode.cz/css/system.style.css]
[goodxfoood.webnode.cz/xml/all.xml]
[goodxfoood.webnode.cz/html/wnd_header.html]
[d11bh4d8fhuq47.cloudfront.net/js/functions.js]
[d11bh4d8fhuq47.cloudfront.net/png/body.png]
[d11bh4d8fhuq47.cloudfront.net/png/page_out.png]
[d11bh4d8fhuq47.cloudfront.net/png/page_in.png]
[d11bh4d8fhuq47.cloudfront.net/png/wrapper.png]
[d11bh4d8fhuq47.cloudfront.net/png/black_line.png]
[d11bh4d8fhuq47.cloudfront.net/png/runaround.png]
[d11bh4d8fhuq47.cloudfront.net/png/sidebar.png]
[d11bh4d8fhuq47.cloudfront.net/png/footer.png]
[d11bh4d8fhuq47.cloudfront.net/png/arrow_right.png]
[d11bh4d8fhuq47.cloudfront.net/png/menu_l1_item.png]
[d11bh4d8fhuq47.cloudfront.net/png/menu_l1_selected.png]
[d11bh4d8fhuq47.cloudfront.net/png/menu_l2_item.png]
[d11bh4d8fhuq47.cloudfront.net/png/menu_item.png]
[d11bh4d8fhuq47.cloudfront.net/png/menu_l2_selected.png]
[d11bh4d8fhuq47.cloudfront.net/png/menu_l3_selected.png]
[d11bh4d8fhuq47.cloudfront.net/png/quick.png]
[d11bh4d8fhuq47.cloudfront.net/png/homepage.png]
[d11bh4d8fhuq47.cloudfront.net/png/sitemap.png]
[d11bh4d8fhuq47.cloudfront.net/png/print.png]
[d11bh4d8fhuq47.cloudfront.net/png/rss.png]
[d11bh4d8fhuq47.cloudfront.net/png/sidebox.png]
[d11bh4d8fhuq47.cloudfront.net/png/submit.png]
[d11bh4d8fhuq47.cloudfront.net/png/error.png]
[d11bh4d8fhuq47.cloudfront.net/png/dot.png]
[d11bh4d8fhuq47.cloudfront.net/png/address.png]
[d11bh4d8fhuq47.cloudfront.net/png/phone.png]
[d11bh4d8fhuq47.cloudfront.net/png/email.png]
[d11bh4d8fhuq47.cloudfront.net/png/arrow_left.png]
[d11bh4d8fhuq47.cloudfront.net/png/faq_open.png]
[d11bh4d8fhuq47.cloudfront.net/png/faq_close.png]
[d11bh4d8fhuq47.cloudfront.net/png/dot_line.png]
[d11bh4d8fhuq47.cloudfront.net/css/style.css]
[d11bh4d8fhuq47.cloudfront.net/css/print.css]
[goodxfoood.webnode.cz/html/logogdfd.html]
[goodxfoood.webnode.cz/html/realná věc_layer 1090c.html]
[goodxfoood.webnode.cz/html/index-3.html]
[goodxfoood.webnode.cz/xml/novinky.xml]
[goodxfoood.webnode.cz/html/realná věc_layer 1.html]
[goodxfoood.webnode.cz/html/index-12.html]
[goodxfoood.webnode.cz/html/index-13.html]
[goodxfoood.webnode.cz/html/index-15.html]
[goodxfoood.webnode.cz/html/index-16.html]
[goodxfoood.webnode.cz/html/index-17.html]
[goodxfoood.webnode.cz/html/index-19.html]
[goodxfoood.webnode.cz/html/index-20.html]
[goodxfoood.webnode.cz/html/index-21.html]
[goodxfoood.webnode.cz/html/index-22.html]
[goodxfoood.webnode.cz/html/gdfd17b36.html]
[goodxfoood.webnode.cz/html/gdfd27b36.html]
[goodxfoood.webnode.cz/html/gdfd37b36.html]
[goodxfoood.webnode.cz/html/gdfd47b36.html]
[goodxfoood.webnode.cz/html/gdfd57b36.html]
[goodxfoood.webnode.cz/html/gdfd67b36.html]
[goodxfoood.webnode.cz/html/gdfd77b36.html]
[goodxfoood.webnode.cz/html/gdfd87b36.html]
[goodxfoood.webnode.cz/html/designer+joo+kawasumi7b36.html]
[goodxfoood.webnode.cz/html/index-28.html]
[goodxfoood.webnode.cz/html/realná+věc7b36.html]
[goodxfoood.webnode.cz/html/index-30.html]
[goodxfoood.webnode.cz/html/index-31.html]
[goodxfoood.webnode.cz/html/index-32.html]
[goodxfoood.webnode.cz/html/index-34.html]
[goodxfoood.webnode.cz/html/index-35.html]
[goodxfoood.webnode.cz/html/index-36.html]
[goodxfoood.webnode.cz/html/index-37.html]
[goodxfoood.webnode.cz/html/index-38.html]
[goodxfoood.webnode.cz/html/index-40.html]
[goodxfoood.webnode.cz/html/index-41.html]
[goodxfoood.webnode.cz/html/index-42.html]
[goodxfoood.webnode.cz/html/index-43.html]
[goodxfoood.webnode.cz/html/index-45.html]
[goodxfoood.webnode.cz/html/index-46.html]
[goodxfoood.webnode.cz/html/index-47.html]
[goodxfoood.webnode.cz/html/index-49.html]
[goodxfoood.webnode.cz/html/index-50.html]
[goodxfoood.webnode.cz/html/index-51.html]
[goodxfoood.webnode.cz/html/index-52.html]
[goodxfoood.webnode.cz/html/index-53.html]
[goodxfoood.webnode.cz/html/index-54.html]
[goodxfoood.webnode.cz/html/index-56.html]
[goodxfoood.webnode.cz/html/index-57.html]
[goodxfoood.webnode.cz/html/index-58.html]
[goodxfoood.webnode.cz/html/index-61.html]
[goodxfoood.webnode.cz/html/index-62.html]
[goodxfoood.webnode.cz/html/index-63.html]
[goodxfoood.webnode.cz/html/index-64.html]
[goodxfoood.webnode.cz/html/index-65.html]
[goodxfoood.webnode.cz/html/index-66.html]
[goodxfoood.webnode.cz/html/index-68.html]
[goodxfoood.webnode.cz/html/index-69.html]
[goodxfoood.webnode.cz/html/index-71.html]
[goodxfoood.webnode.cz/html/index-72.html]
[goodxfoood.webnode.cz/html/index-73.html]
[goodxfoood.webnode.cz/html/index-74.html]
[goodxfoood.webnode.cz/html/index-75.html]
[file/jpg/img_0449.jpg]
